{ "ts" : NumberLong(121345), "uid" : "TESTSTRING", "id_orig_h" : "", "id_orig_p" : 0, "id_resp_h" : "", "id_resp_p" : 0, "trans_depth" : NumberLong(7), "method" : "POST", "host" : "www.microTEST.com", "uri" : "/isapi/redir.dll?prd=ie&pver=6&ar=msnhome", "referrer" : "", "version" : "", "user_agent" : "TESTzilla/4.0", "request_body_len" : NumberLong(0), "response_body_len" : NumberLong(123), "status_code" : NumberLong(302), "status_msg" : "Moved Temporarily", "info_code" : NumberLong(100), "info_msg" : "", "tags" : [ ], "username" : "", "password" : "", "proxied" : [ ], "orig_fuids" : [ ], "orig_filenames" : [ ], "orig_mime_types" : [ ], "resp_fuids" : [ "FE8SI5OPHP82RdKY3" ], "resp_filenames" : [ ], "resp_mime_types" : [ "text/html" ] }
