{ "ts" : NumberLong(121345), "uid" : "TESTSTRING", "id_orig_h" : "86.75.30.9", "id_orig_p" : 255, "id_resp_h" : "192.168.0.255", "id_resp_p" : 501, "trans_depth" : NumberLong(7), "method" : "POST", "host" : "www.microTEST.com", "uri" : "/isapi/redir.dll?prd=ie&pver=6&ar=msnhome", "referrer" : "", "version" : "", "user_agent" : "TESTzilla/4.0", "request_body_len" : NumberLong(0), "response_body_len" : NumberLong(123), "status_code" : NumberLong(302), "status_msg" : "Moved Temporarily", "info_code" : NumberLong(100), "info_msg" : "", "tags" : [ "BUY", "USE", "BREAK", "FIX" ], "username" : "", "password" : "", "proxied" : [ "TRASH", "CHANGE", "UPGRADE", "MAIL" ], "orig_fuids" : [ "CHARGE", "POINT", "ZOOM", "PRESS" ], "orig_filenames" : [ "SNAP", "WORK", "QUICK", "ERASE" ], "orig_mime_types" : [ "WRITE", "CUT", "PASTE", "SAVE" ], "resp_fuids" : [ "LOAD", "CHECK", "QUICK", "REWRITE" ], "resp_filenames" : [ "PLUG", "PLAY", "BURN", "RIP" ], "resp_mime_types" : [ "DRAG", "DROP", "ZIP", "UNZIP" ] }
