{ "ts" : NumberLong(9000), "uid" : "TESTSTRING", "id_orig_h" : "86.75.30.9", "id_orig_p" : 255, "id_resp_h" : "192.168.0.255", "id_resp_p" : 501, "proto" : "tcp", "service" : "", "duration" : 0, "orig_bytes" : NumberLong(0), "resp_bytes" : NumberLong(0), "conn_state" : "", "local_orig" : false, "local_resp" : false, "missed_bytes" : NumberLong(0), "history" : "", "orig_pkts" : NumberLong(0), "orig_ip_bytes" : NumberLong(0), "resp_pkts" : NumberLong(0), "resp_ip_bytes" : NumberLong(0), "tunnel_parents" : [ "father", "mother" ] }
