{ "ts" : NumberLong(0), "uid" : "", "id_orig_h" : "0.0.0.0", "id_orig_p" : 0, "id_resp_h" : "0.0.0.0", "id_resp_p" : 0, "trans_depth" : NumberLong(0), "method" : "", "host" : "", "uri" : "", "referrer" : "", "version" : "", "user_agent" : "", "request_body_len" : NumberLong(0), "response_body_len" : NumberLong(0), "status_code" : NumberLong(0), "status_msg" : "", "info_code" : NumberLong(0), "info_msg" : "", "tags" : [ ], "username" : "", "password" : "", "proxied" : [ ], "orig_fuids" : [ ], "orig_filenames" : [ ], "orig_mime_types" : [ ], "resp_fuids" : [ ], "resp_filenames" : [ ], "resp_mime_types" : [ ] }
