{ "ts" : NumberLong(121345), "uid" : "TESTSTRING", "id_orig_h" : "86.75.30.9", "id_orig_p" : 255, "id_resp_h" : "192.168.0.255", "id_resp_p" : 501, "proto" : "tcp", "trans_id" : NumberLong(12), "rtt" : 31536000, "query" : "www.microTEST.com", "qclass" : NumberLong(32767), "qclass_name" : "Half Standard Action", "qtype" : NumberLong(0), "qtype_name" : "", "rcode" : NumberLong(1), "rcode_name" : "For Me R2", "AA" : true, "TC" : false, "RD" : false, "RA" : false, "Z" : NumberLong(0), "answers" : [ "> twelve seconds" ], "TTLs" : [ 11 ], "rejected" : false }
