{ "ts" : NumberLong(121345), "uid" : "TESTSTRING", "id_orig_h" : "86.75.30.9", "id_orig_p" : 255, "id_resp_h" : "192.168.0.255", "id_resp_p" : 501, "proto" : "tcp", "trans_id" : NumberLong(0), "rtt" : 0, "query" : "", "qclass" : NumberLong(0), "qclass_name" : "", "qtype" : NumberLong(0), "qtype_name" : "", "rcode" : NumberLong(0), "rcode_name" : "", "AA" : false, "TC" : false, "RD" : false, "RA" : false, "Z" : NumberLong(0), "answers" : [ ], "TTLs" : [ ], "rejected" : false }
