{ "ts" : NumberLong(0), "uid" : "", "id_orig_h" : "0.0.0.0", "id_orig_p" : 0, "id_resp_h" : "0.0.0.0", "id_resp_p" : 0, "proto" : "unknown_transport", "service" : "", "duration" : 0, "orig_bytes" : NumberLong(0), "resp_bytes" : NumberLong(0), "conn_state" : "", "local_orig" : false, "local_resp" : false, "missed_bytes" : NumberLong(0), "history" : "", "orig_pkts" : NumberLong(0), "orig_ip_bytes" : NumberLong(0), "resp_pkts" : NumberLong(0), "resp_ip_bytes" : NumberLong(0), "tunnel_parents" : [ ] }
