{ "ts" : NumberLong(9000), "uid" : "TESTSTRING", "id_orig_h" : "86.75.30.9", "id_orig_p" : 255, "id_resp_h" : "1234:5678:90ab:cdef:dead:beef:c001:fff", "id_resp_p" : 501, "proto" : "tcp", "service" : "TestService", "duration" : 848361600, "orig_bytes" : NumberLong(44), "resp_bytes" : NumberLong(44), "conn_state" : "AD", "local_orig" : false, "local_resp" : true, "missed_bytes" : NumberLong(2), "history" : "h", "orig_pkts" : NumberLong(2), "orig_ip_bytes" : NumberLong(10), "resp_pkts" : NumberLong(1), "resp_ip_bytes" : NumberLong(100), "tunnel_parents" : [ "father", "mother" ] }
