{ "ts" : NumberLong(121345), "uid" : "TESTSTRING", "id_orig_h" : "86.75.30.9", "id_orig_p" : 255, "id_resp_h" : "192.168.0.255", "id_resp_p" : 501, "trans_depth" : NumberLong(7), "method" : "", "host" : "", "uri" : "", "referrer" : "", "version" : "", "user_agent" : "", "request_body_len" : NumberLong(0), "response_body_len" : NumberLong(0), "status_code" : NumberLong(0), "status_msg" : "", "info_code" : NumberLong(0), "info_msg" : "", "tags" : [ "HTTP::EMPTY" ], "username" : "", "password" : "", "proxied" : [ ], "orig_fuids" : [ ], "orig_filenames" : [ ], "orig_mime_types" : [ ], "resp_fuids" : [ ], "resp_filenames" : [ ], "resp_mime_types" : [ ] }
